#14 ADULTS-GINI RE-CALIBRATION | 800 steps | worlds [0, 1, 2] | TARGET material_gini_adults 0.36 | grounded capfrac = 0.15
== TEMPERATE ==
C:\Users\syatom\AppData\Local\Python\pythoncore-3.14-64\Lib\site-packages\mesa\mesa_logging.py:112: FutureWarning: The use of the `seed` keyword argument is deprecated, use `rng` instead. No functional changes.
  res = func(*args, **kwargs)
  adopted(cap.15/ag.15)    adults_gini 0.216+/-0.019  (all-ages 0.363) | e0 34.5  frac_child 0.36  pct_strat 60%  pop 1289
  cap0.30                  adults_gini 0.230+/-0.024  (all-ages 0.386) | e0 34.3  frac_child 0.38  pct_strat 70%  pop 1309
  cap0.50                  adults_gini 0.237+/-0.020  (all-ages 0.367) | e0 35.6  frac_child 0.37  pct_strat 66%  pop 1213
  cap0.75                  adults_gini 0.232+/-0.029  (all-ages 0.358) | e0 32.8  frac_child 0.37  pct_strat 66%  pop 1166
  cap.15/ag.05             adults_gini 0.194+/-0.007  (all-ages 0.366) | e0 34.3  frac_child 0.38  pct_strat 77%  pop 1468
  cap0.30/ag.05            adults_gini 0.219+/-0.021  (all-ages 0.380) | e0 33.7  frac_child 0.38  pct_strat 75%  pop 1182
  cap0.50/ag.05            adults_gini 0.222+/-0.012  (all-ages 0.364) | e0 36.4  frac_child 0.37  pct_strat 72%  pop 1496
  cap0.30/ag.05/lt2/ft3    adults_gini 0.349+/-0.013  <== ~0.36  (all-ages 0.471) | e0 38.1  frac_child 0.34  pct_strat 68%  pop 1079
== SAVANNA ==
  adopted(cap.15/ag.15)    adults_gini 0.160+/-0.013  (all-ages 0.372) | e0 28.0  frac_child 0.44  pct_strat 62%  pop 1089
  cap0.30                  adults_gini 0.179+/-0.011  (all-ages 0.364) | e0 26.8  frac_child 0.40  pct_strat 56%  pop 1078
  cap0.50                  adults_gini 0.169+/-0.011  (all-ages 0.367) | e0 27.3  frac_child 0.44  pct_strat 60%  pop 1085
  cap0.75                  adults_gini 0.224+/-0.022  (all-ages 0.372) | e0 28.1  frac_child 0.37  pct_strat 67%  pop 909
  cap.15/ag.05             adults_gini 0.182+/-0.025  (all-ages 0.370) | e0 26.6  frac_child 0.42  pct_strat 61%  pop 991
  cap0.30/ag.05            adults_gini 0.170+/-0.009  (all-ages 0.361) | e0 24.7  frac_child 0.40  pct_strat 70%  pop 989
  cap0.50/ag.05            adults_gini 0.185+/-0.027  (all-ages 0.373) | e0 27.6  frac_child 0.42  pct_strat 57%  pop 1014
  cap0.30/ag.05/lt2/ft3    adults_gini 0.286+/-0.008  (all-ages 0.481) | e0 24.8  frac_child 0.45  pct_strat 68%  pop 1011
