campaign: C_ALLON enabled 48 mechanism(s): adaptive_connubium,alluvial_renewal,ascribed_mate_choice,biome_meat_cv,biome_meat_frac,catchment_depletion,colonizing_budding,condition,density_fertility,density_reference,dependent_load,emergent_abandonment,emergent_band_size,emergent_village_founding,energetic_refractory,eta_weighted_shares,exogamy,improved_land,intake_fertility,lineage_branching,lineage_split,lineage_tribute,local_ascription,material_inheritance,metabolic_downreg,need_weighted_shares,noble_leveling_exemption,nutrition_synergy,rank_hierarchy,relational_stratification,relative_legitimacy,relative_resentment,resentment_accumulator,resource_directed_fusion,society_regional_density,soil_depletion,standing,storable_founding,storage_seasonal_union,store_anchor,synergy_age_grade,tier2_shock,village_budding,village_density_disease,village_identity,village_resentment,wealth_obligation,worked_land_yield
campaign: C_ALLON left 18 OFF: band_provisioning,band_territory,bud_hazard,bud_requires_occupancy,bud_site_separation,exclusive_village_membership,fertility_restraint_gene,founding_delay,genealogy_log,heritable_density_response,hunger_dispersal,leaky_assabiyah,malnutrition_fission,restraint_group_transmission,stratification_inequality_gate,sub_k_regulation,terrain_pathogen,village_catchment_spread
C:\Users\syatom\AppData\Local\Python\pythoncore-3.14-64\Lib\site-packages\mesa\mesa_logging.py:112: FutureWarning: The use of the `seed` keyword argument is deprecated, use `rng` instead. No functional changes.
  res = func(*args, **kwargs)
campaign: sha=af6a22a world=coastal-temperate founders=600 steps=800 habitable=1584 connubium=cut2(m*=15) defend=True improved=True budding=True(thr150) elite=True soil=True genome=True genealogy=OFF flush/500
campaign: climate a_seas=0.400 ENSO(amp=0.00,per=0) regime(amp=0.00,dur=0,rec=0) caribou(amp=0.00,per=0) llanos=0.00 | on: biome_seasonality,intercept_hunting,seasonality
  ~~ demography: not scored yet (50 person-years of exposure; needs 500 before the panel means anything)
[    1/800] pop=   581 bd=   2 bigbd=2(med290.5) strat=0.0% giniC=0.272 dyn:eff=581.0 top=0.002 nlin=581 lpb=290.5/dom=0.003 mRSg=0.0 set=0(mx0,primNone) con=None inst=0 ldT=0.0 | asc=0.0 gumsa=0.0 tenure=0.0y levy=3367472.7 resent(mean/max)=0.0/0.0 revs=0 | 0.0m eta1m
  ~~ climate: intercept=UNREACHABLE  (configured ON but not moving the field)
  ~~ demography: 4/16 in band  worst: m_5_15=0.0407(4.07x), frac_motherless=0(0.00x), surv_to_45=0.118(0.27x), modal_adult_death=22(0.32x)
[   50/800] pop=   566 bd=  25 bigbd=0(med0) strat=0.0% giniC=0.273 dyn:eff=410.7 top=0.005 nlin=472 lpb=19.04/dom=0.111 mRSg=0.526 set=2(mx65,prim1.12) con=382.0 inst=2 ldT=1.0 | asc=0.004 gumsa=0.08 tenure=1.6y levy=1742499.6 resent(mean/max)=0.0/0.0 revs=0 | 0.0m eta0m
  ~~ demography: 9/16 in band  worst: m_5_15=0.0415(4.15x), surv_to_45=0.183(0.43x), band_med_adults=13(0.46x), surv_to_15=0.42(0.64x)
[  100/800] pop=   577 bd=  25 bigbd=0(med0) strat=0.0% giniC=0.277 dyn:eff=319.2 top=0.009 nlin=420 lpb=17.0/dom=0.152 mRSg=0.526 set=2(mx105,prim1.59) con=375.0 inst=4 ldT=0.583 | asc=0.005 gumsa=0.04 tenure=3.1y levy=735966.0 resent(mean/max)=0.0/0.0 revs=5 | 0.0m eta0m
  ~~ demography: 7/16 in band  !! AGE STRUCTURE OUT OF BAND -> every marker above demography in the ladder is PROVISIONAL  worst: m_5_15=0.0527(5.27x), surv_to_45=0.163(0.38x), band_med_adults=13(0.46x), surv_to_15=0.388(0.59x)
[  150/800] pop=   534 bd=  23 bigbd=0(med0) strat=0.0% giniC=0.272 dyn:eff=236.1 top=0.013 nlin=347 lpb=15.3/dom=0.182 mRSg=0.516 set=2(mx135,prim2.81) con=351.5 inst=2 ldT=0.545 | asc=0.002 gumsa=0.043 tenure=3.7y levy=548727.0 resent(mean/max)=0.0/0.0 revs=7 | 0.1m eta0m
  ~~ demography: 6/16 in band  !! AGE STRUCTURE OUT OF BAND -> every marker above demography in the ladder is PROVISIONAL  worst: m_5_15=0.0567(5.67x), frac_motherless=0.042(2.10x), frac_fatherless=0.014(0.28x), surv_to_45=0.172(0.40x)
[  200/800] pop=   521 bd=  23 bigbd=1(med54) strat=0.0% giniC=0.272 dyn:eff=198.3 top=0.017 nlin=311 lpb=15.09/dom=0.202 mRSg=0.536 set=3(mx130,prim1.88) con=364.0 inst=3 ldT=0.409 | asc=0.012 gumsa=0.13 tenure=4.5y levy=694108.5 resent(mean/max)=0.0/0.0 revs=7 | 0.1m eta0m
  ~~ demography: 7/16 in band  worst: m_5_15=0.0542(5.42x), frac_motherless=0.0504(2.52x), frac_fatherless=0.084(1.68x), band_med_adults=11(0.39x)
[  250/800] pop=   495 bd=  23 bigbd=1(med65) strat=0.0% giniC=0.269 dyn:eff=167.9 top=0.016 nlin=272 lpb=15.04/dom=0.21 mRSg=0.525 set=3(mx153,prim2.15) con=340.0 inst=3 ldT=0.579 | asc=0.002 gumsa=0.043 tenure=4.8y levy=2659042.8 resent(mean/max)=0.0/0.0 revs=9 | 0.1m eta0m
  ~~ demography: 7/16 in band  worst: m_5_15=0.0523(5.23x), frac_fatherless=0.162(3.25x), frac_motherless=0.0427(2.14x), surv_to_45=0.17(0.40x)
[  300/800] pop=   449 bd=  19 bigbd=2(med72.5) strat=0.0% giniC=0.266 dyn:eff=126.7 top=0.02 nlin=219 lpb=16.21/dom=0.225 mRSg=0.583 set=3(mx138,prim2.6) con=328.0 inst=5 ldT=0.667 | asc=0.002 gumsa=0.053 tenure=4.7y levy=1062663.3 resent(mean/max)=0.0/0.0 revs=9 | 0.1m eta0m
  ~~ demography: 8/16 in band  worst: m_5_15=0.0499(4.99x), frac_fatherless=0.13(2.61x), frac_motherless=0.0348(1.74x), surv_to_45=0.194(0.45x)
[  350/800] pop=   465 bd=  15 bigbd=1(med140) strat=0.0% giniC=0.271 dyn:eff=112.8 top=0.022 nlin=205 lpb=19.67/dom=0.173 mRSg=0.598 set=3(mx171,prim3.42) con=347.0 inst=0 ldT=0.385 | asc=0.002 gumsa=0.067 tenure=4.7y levy=744448.1 resent(mean/max)=0.0/0.0 revs=9 | 0.2m eta0m
  ~~ demography: 9/16 in band  worst: m_5_15=0.0529(5.29x), band_med_adults=11(0.39x), surv_to_45=0.18(0.42x), surv_to_15=0.41(0.62x)
[  400/800] pop=   421 bd=  13 bigbd=1(med186) strat=0.0% giniC=0.265 dyn:eff=96.8 top=0.029 nlin=180 lpb=19.08/dom=0.191 mRSg=0.594 set=3(mx138,prim2.26) con=340.0 inst=0 ldT=0.615 | asc=0.0 gumsa=0.0 tenure=5.0y levy=703113.5 resent(mean/max)=0.0/0.0 revs=10 | 0.2m eta0m
  !! SPATIAL: PACKED AND SPARSE AT ONCE (local 0.110 > 0.091 > regional 0.0028 /km2) on 2.5% of the land; band commands 286 km2, inside its own 314 km2 catchment (Vita-Finzi & Higgs) -- the population is NOT food-limited, it is failing to disperse; any carrying-capacity reading of this run is void
  ~~ demography: 10/16 in band  worst: m_5_15=0.0516(5.16x), band_med_adults=12(0.43x), surv_to_45=0.193(0.45x), surv_to_15=0.418(0.63x)
[  450/800] pop=   439 bd=  14 bigbd=1(med169) strat=0.0% giniC=0.266 dyn:eff=83.0 top=0.032 nlin=163 lpb=18.29/dom=0.181 mRSg=0.572 set=4(mx173,prim2.37) con=164.0 inst=3 ldT=0.4 | asc=0.0 gumsa=0.0 tenure=4.8y levy=466424.4 resent(mean/max)=0.0/0.0 revs=10 | 0.2m eta0m
  !! SPATIAL: PACKED AND SPARSE AT ONCE (local 0.116 > 0.091 > regional 0.0028 /km2) on 2.4% of the land; band commands 292 km2, inside its own 314 km2 catchment (Vita-Finzi & Higgs) -- the population is NOT food-limited, it is failing to disperse; any carrying-capacity reading of this run is void
  ~~ demography: 8/16 in band  worst: m_5_15=0.0501(5.01x), frac_motherless=0(0.00x), band_med_adults=10.5(0.37x), frac_fatherless=0.0763(1.53x)
[  500/800] pop=   441 bd=  13 bigbd=2(med130.5) strat=0.0% giniC=0.256 dyn:eff=73.4 top=0.039 nlin=149 lpb=18.0/dom=0.234 mRSg=0.556 set=4(mx176,prim2.44) con=291.0 inst=2 ldT=0.25 | asc=0.011 gumsa=0.154 tenure=4.8y levy=1072161.2 resent(mean/max)=0.0/0.0 revs=11 | 0.2m eta0m
  !! SPATIAL: PACKED AND SPARSE AT ONCE (local 0.150 > 0.091 > regional 0.0028 /km2) on 1.9% of the land; band commands 250 km2, inside its own 314 km2 catchment (Vita-Finzi & Higgs) -- the population is NOT food-limited, it is failing to disperse; any carrying-capacity reading of this run is void
  ~~ demography: 9/16 in band  worst: m_5_15=0.0464(4.64x), frac_fatherless=0.0183(0.37x), band_med_adults=10.5(0.37x), surv_to_45=0.221(0.51x)
[  550/800] pop=   451 bd=  12 bigbd=2(med131.0) strat=0.0% giniC=0.253 dyn:eff=61.3 top=0.053 nlin=139 lpb=19.42/dom=0.213 mRSg=0.576 set=6(mx155,prim2.35) con=207.5 inst=3 ldT=0.667 | asc=0.0 gumsa=0.0 tenure=4.5y levy=474046.8 resent(mean/max)=0.0/0.0 revs=13 | 0.2m eta0m
  !! SPATIAL: PACKED AND SPARSE AT ONCE (local 0.127 > 0.091 > regional 0.0029 /km2) on 2.3% of the land; band commands 300 km2, inside its own 314 km2 catchment (Vita-Finzi & Higgs) -- the population is NOT food-limited, it is failing to disperse; any carrying-capacity reading of this run is void
  ~~ demography: 11/16 in band  worst: m_5_15=0.0445(4.45x), band_med_adults=10(0.35x), surv_to_45=0.23(0.53x), surv_to_15=0.449(0.68x)
[  600/800] pop=   456 bd=  12 bigbd=2(med152.0) strat=0.0% giniC=0.26 dyn:eff=56.5 top=0.053 nlin=128 lpb=17.83/dom=0.297 mRSg=0.593 set=6(mx188,prim3.42) con=291.0 inst=4 ldT=0.714 | asc=0.004 gumsa=0.167 tenure=4.5y levy=1320569.1 resent(mean/max)=0.0/0.0 revs=13 | 0.2m eta0m
  !! SPATIAL: PACKED AND SPARSE AT ONCE (local 0.107 > 0.091 > regional 0.0030 /km2) on 2.8% of the land -- the population is NOT food-limited, it is failing to disperse; any carrying-capacity reading of this run is void
  ~~ demography: 10/16 in band  worst: m_5_15=0.0425(4.25x), band_med_adults=8(0.28x), frac_motherless=0.0087(0.43x), surv_to_45=0.232(0.54x)
[  650/800] pop=   469 bd=  14 bigbd=1(med245) strat=0.0% giniC=0.265 dyn:eff=49.4 top=0.066 nlin=115 lpb=14.93/dom=0.265 mRSg=0.595 set=4(mx143,prim2.27) con=404.0 inst=1 ldT=0.333 | asc=0.0 gumsa=0.0 tenure=4.3y levy=838846.0 resent(mean/max)=0.0/0.0 revs=13 | 0.3m eta0m
  !! SPATIAL: PACKED AND SPARSE AT ONCE (local 0.102 > 0.091 > regional 0.0029 /km2) on 2.8% of the land -- the population is NOT food-limited, it is failing to disperse; any carrying-capacity reading of this run is void
  ~~ demography: 8/16 in band  worst: m_5_15=0.042(4.20x), frac_fatherless=0.164(3.28x), frac_motherless=0.0345(1.73x), band_med_adults=10(0.35x)
[  700/800] pop=   461 bd=   9 bigbd=2(med148.5) strat=0.0% giniC=0.27 dyn:eff=42.3 top=0.085 nlin=106 lpb=21.56/dom=0.187 mRSg=0.602 set=4(mx157,prim2.8) con=391.0 inst=0 ldT=0.667 | asc=0.007 gumsa=0.222 tenure=4.3y levy=1223339.2 resent(mean/max)=0.0/0.0 revs=13 | 0.3m eta0m
  !! SPATIAL: PACKED AND SPARSE AT ONCE (local 0.124 > 0.091 > regional 0.0031 /km2) on 2.5% of the land -- the population is NOT food-limited, it is failing to disperse; any carrying-capacity reading of this run is void
  ~~ demography: 9/16 in band  worst: m_5_15=0.0405(4.05x), band_med_adults=11(0.39x), frac_fatherless=0.0775(1.55x), surv_to_45=0.239(0.56x)
[  750/800] pop=   485 bd=   9 bigbd=2(med162.5) strat=0.0% giniC=0.272 dyn:eff=39.2 top=0.085 nlin=97 lpb=20.33/dom=0.185 mRSg=0.566 set=4(mx172,prim2.69) con=443.0 inst=0 ldT=0.286 | asc=0.008 gumsa=0.222 tenure=4.3y levy=346454.2 resent(mean/max)=0.0/0.0 revs=13 | 0.3m eta0m
  !! SPATIAL: PACKED AND SPARSE AT ONCE (local 0.139 > 0.091 > regional 0.0030 /km2) on 2.1% of the land -- the population is NOT food-limited, it is failing to disperse; any carrying-capacity reading of this run is void
  ~~ demography: 8/16 in band  worst: m_5_15=0.041(4.10x), frac_motherless=0.0094(0.47x), frac_fatherless=0.0755(1.51x), surv_to_45=0.236(0.55x)
[  800/800] pop=   471 bd=   7 bigbd=3(med61) strat=0.0% giniC=0.296 dyn:eff=39.1 top=0.07 nlin=90 lpb=25.14/dom=0.179 mRSg=0.593 set=5(mx135,prim2.25) con=249.0 inst=1 ldT=0.6 | asc=0.023 gumsa=0.429 tenure=4.2y levy=973887.8 resent(mean/max)=0.0/0.0 revs=13 | 0.3m eta0m
  spatial dump -> C:\Users\syatom\Projects\SiC Games\sic_games\outputs\substrate_run\campaign_spatial_found600_temperate.npz  (people 471 on 34 cells, 5 sites)
DONE step=800 in 0.3 min -> C:\Users\syatom\Projects\SiC Games\sic_games\outputs\substrate_run\campaign_trajectory_found600_temperate.json ; genealogy rows=0 -> C:\Users\syatom\Projects\SiC Games\sic_games\outputs\substrate_run\campaign_genealogy_found600_temperate.csv
